// Jest Snapshot v1, https://goo.gl/fbAQLP

exports[`ExportItemList should display all todo items 1`] = `
<Fragment>
  <ExportItemView
    key="1"
    todoItem={
      TodoItem {
        "generalName": "Milk",
        "id": 1,
        "isBought": false,
        "productPrice": null,
        "quantity": 1,
        "targetProduct": undefined,
      }
    }
  />
  <ExportItemView
    key="2"
    todoItem={
      TodoItem {
        "generalName": "Bread",
        "id": 2,
        "isBought": false,
        "productPrice": null,
        "quantity": 1,
        "targetProduct": undefined,
      }
    }
  />
</Fragment>
`;
