// Jest Snapshot v1, https://goo.gl/fbAQLP

exports[`ExportItemList should display all todo items 1`] = `
<Fragment>
  <ExportItemListItem
    key="1620562357115"
    todoItem={
      TodoItem {
        "generalName": "Milk",
        "id": 1620562357115,
        "isBought": false,
        "productPrice": null,
        "quantity": 1,
        "targetProduct": undefined,
      }
    }
  />
  <ExportItemListItem
    key="1620562357115"
    todoItem={
      TodoItem {
        "generalName": "Bread",
        "id": 1620562357115,
        "isBought": false,
        "productPrice": null,
        "quantity": 1,
        "targetProduct": undefined,
      }
    }
  />
</Fragment>
`;
