// Jest Snapshot v1, https://goo.gl/fbAQLP

exports[`ExportItemList should display all todo items 1`] = `
<Fragment>
  <ExportItemView
    exportItem={
      ExportItem {
        "category": null,
        "generalName": "Milk",
        "id": 1,
        "isBought": true,
        "productPrice": null,
        "purchasedPrice": null,
        "quantity": 1,
        "targetProduct": null,
      }
    }
    key="1"
  />
  <ExportItemView
    exportItem={
      ExportItem {
        "category": null,
        "generalName": "Bread",
        "id": 2,
        "isBought": true,
        "productPrice": null,
        "purchasedPrice": null,
        "quantity": 1,
        "targetProduct": null,
      }
    }
    key="2"
  />
</Fragment>
`;
