// Jest Snapshot v1, https://goo.gl/fbAQLP

exports[`TodoItemExport should render 1`] = `
<Fragment>
  <WithStyles(ForwardRef(Dialog))
    onClose={[Function]}
    open={false}
  >
    <ExportItemEditForm
      exportItem={null}
      onSubmit={[Function]}
    />
  </WithStyles(ForwardRef(Dialog))>
  <ExportItemList
    exportItems={Array []}
    onEdit={[Function]}
  />
</Fragment>
`;
